◇ injected env (5) from .env // tip: ⌁ auth for agents [www.vestauth.com]
Koneksi database berhasil
Datanase connection has been established successfully.
Server backend is running on port http://localhost:3000
Executing (default): SELECT `Toko`.`id`, `Toko`.`user_id`, `Toko`.`nama_toko`, `Toko`.`createdAt`, `user`.`id` AS `user.id`, `user`.`username` AS `user.username` FROM `toko` AS `Toko` LEFT OUTER JOIN `users` AS `user` ON `Toko`.`user_id` = `user`.`id` ORDER BY `Toko`.`id` ASC;
Executing (default): SELECT `Toko`.`id`, `Toko`.`user_id`, `Toko`.`nama_toko`, `Toko`.`createdAt`, `user`.`id` AS `user.id`, `user`.`username` AS `user.username` FROM `toko` AS `Toko` LEFT OUTER JOIN `users` AS `user` ON `Toko`.`user_id` = `user`.`id` ORDER BY `Toko`.`id` ASC;
Executing (default): SELECT `id`, `user_id`, `nama_toko`, `createdAt` FROM `toko` AS `Toko` WHERE `Toko`.`id` = '1';
Executing (default): INSERT INTO `resi` (`id`,`toko_id`,`no_resi`,`no_pesanan`,`penerima_nama`,`penerima_alamat`,`pengirim`,`berat`,`tanggal_pesan`,`status`,`file_asal`,`created_at`,`updated_at`) VALUES (DEFAULT,?,?,?,?,?,?,?,?,?,?,?,?);
Executing (default): INSERT INTO `upload_log` (`id`,`toko_id`,`nama_file`,`jumlah_resi`,`uploaded_at`) VALUES (DEFAULT,?,?,?,?);
Executing (default): SELECT `Resi`.`id`, `Resi`.`toko_id`, `Resi`.`no_resi`, `Resi`.`no_pesanan`, `Resi`.`penerima_nama`, `Resi`.`penerima_alamat`, `Resi`.`pengirim`, `Resi`.`berat`, `Resi`.`tanggal_pesan`, `Resi`.`status`, `Resi`.`file_asal`, `Resi`.`upload_log_id`, `Resi`.`created_at`, `Resi`.`updated_at`, `items`.`id` AS `items.id`, `items`.`resi_id` AS `items.resi_id`, `items`.`nama_produk` AS `items.nama_produk`, `items`.`variasi` AS `items.variasi`, `items`.`qty` AS `items.qty`, `items`.`produk_master_id` AS `items.produk_master_id`, `items`.`createdAt` AS `items.createdAt`, `items`.`updatedAt` AS `items.updatedAt` FROM `resi` AS `Resi` INNER JOIN `resi_item` AS `items` ON `Resi`.`id` = `items`.`resi_id` AND `items`.`produk_master_id` IS NULL WHERE `Resi`.`toko_id` = '1';
Error autoMatchProduk: Error
    at Query.run (D:\TEKNOLOGI INFORMASI\Magang\ResiApp\backend\node_modules\sequelize\lib\dialects\mysql\query.js:52:25)
    at D:\TEKNOLOGI INFORMASI\Magang\ResiApp\backend\node_modules\sequelize\lib\sequelize.js:315:28
    at process.processTicksAndRejections (node:internal/process/task_queues:104:5)
    at async MySQLQueryInterface.select (D:\TEKNOLOGI INFORMASI\Magang\ResiApp\backend\node_modules\sequelize\lib\dialects\abstract\query-interface.js:407:12)
    at async Resi.findAll (D:\TEKNOLOGI INFORMASI\Magang\ResiApp\backend\node_modules\sequelize\lib\model.js:1140:21)
    at async autoMatchProduk (D:\TEKNOLOGI INFORMASI\Magang\ResiApp\backend\src\services\kalkulasi.service.js:117:19)
    at async D:\TEKNOLOGI INFORMASI\Magang\ResiApp\backend\src\routes\upload.routes.js:170:9 {
  name: 'SequelizeDatabaseError',
  parent: Error: Unknown column 'Resi.created_at' in 'field list'
      at Packet.asError (D:\TEKNOLOGI INFORMASI\Magang\ResiApp\backend\node_modules\mysql2\lib\packets\packet.js:791:17)
      at Query.execute (D:\TEKNOLOGI INFORMASI\Magang\ResiApp\backend\node_modules\mysql2\lib\commands\command.js:29:26)
      at Connection.handlePacket (D:\TEKNOLOGI INFORMASI\Magang\ResiApp\backend\node_modules\mysql2\lib\base\connection.js:552:34)
      at PacketParser.onPacket (D:\TEKNOLOGI INFORMASI\Magang\ResiApp\backend\node_modules\mysql2\lib\base\connection.js:102:12)
      at PacketParser.executeStart (D:\TEKNOLOGI INFORMASI\Magang\ResiApp\backend\node_modules\mysql2\lib\packet_parser.js:75:16)
      at Socket.<anonymous> (D:\TEKNOLOGI INFORMASI\Magang\ResiApp\backend\node_modules\mysql2\lib\base\connection.js:109:25)
      at Socket.emit (node:events:509:20)
      at addChunk (node:internal/streams/readable:568:12)
      at readableAddChunkPushByteMode (node:internal/streams/readable:519:3)
      at Readable.push (node:internal/streams/readable:399:5) {
    code: 'ER_BAD_FIELD_ERROR',
    errno: 1054,
    sqlState: '42S22',
    sqlMessage: "Unknown column 'Resi.created_at' in 'field list'",
    sql: "SELECT `Resi`.`id`, `Resi`.`toko_id`, `Resi`.`no_resi`, `Resi`.`no_pesanan`, `Resi`.`penerima_nama`, `Resi`.`penerima_alamat`, `Resi`.`pengirim`, `Resi`.`berat`, `Resi`.`tanggal_pesan`, `Resi`.`status`, `Resi`.`file_asal`, `Resi`.`upload_log_id`, `Resi`.`created_at`, `Resi`.`updated_at`, `items`.`id` AS `items.id`, `items`.`resi_id` AS `items.resi_id`, `items`.`nama_produk` AS `items.nama_produk`, `items`.`variasi` AS `items.variasi`, `items`.`qty` AS `items.qty`, `items`.`produk_master_id` AS `items.produk_master_id`, `items`.`createdAt` AS `items.createdAt`, `items`.`updatedAt` AS `items.updatedAt` FROM `resi` AS `Resi` INNER JOIN `resi_item` AS `items` ON `Resi`.`id` = `items`.`resi_id` AND `items`.`produk_master_id` IS NULL WHERE `Resi`.`toko_id` = '1';",
    parameters: undefined
  },
  original: Error: Unknown column 'Resi.created_at' in 'field list'
      at Packet.asError (D:\TEKNOLOGI INFORMASI\Magang\ResiApp\backend\node_modules\mysql2\lib\packets\packet.js:791:17)
      at Query.execute (D:\TEKNOLOGI INFORMASI\Magang\ResiApp\backend\node_modules\mysql2\lib\commands\command.js:29:26)
      at Connection.handlePacket (D:\TEKNOLOGI INFORMASI\Magang\ResiApp\backend\node_modules\mysql2\lib\base\connection.js:552:34)
      at PacketParser.onPacket (D:\TEKNOLOGI INFORMASI\Magang\ResiApp\backend\node_modules\mysql2\lib\base\connection.js:102:12)
      at PacketParser.executeStart (D:\TEKNOLOGI INFORMASI\Magang\ResiApp\backend\node_modules\mysql2\lib\packet_parser.js:75:16)
      at Socket.<anonymous> (D:\TEKNOLOGI INFORMASI\Magang\ResiApp\backend\node_modules\mysql2\lib\base\connection.js:109:25)
      at Socket.emit (node:events:509:20)
      at addChunk (node:internal/streams/readable:568:12)
      at readableAddChunkPushByteMode (node:internal/streams/readable:519:3)
      at Readable.push (node:internal/streams/readable:399:5) {
    code: 'ER_BAD_FIELD_ERROR',
    errno: 1054,
    sqlState: '42S22',
    sqlMessage: "Unknown column 'Resi.created_at' in 'field list'",
    sql: "SELECT `Resi`.`id`, `Resi`.`toko_id`, `Resi`.`no_resi`, `Resi`.`no_pesanan`, `Resi`.`penerima_nama`, `Resi`.`penerima_alamat`, `Resi`.`pengirim`, `Resi`.`berat`, `Resi`.`tanggal_pesan`, `Resi`.`status`, `Resi`.`file_asal`, `Resi`.`upload_log_id`, `Resi`.`created_at`, `Resi`.`updated_at`, `items`.`id` AS `items.id`, `items`.`resi_id` AS `items.resi_id`, `items`.`nama_produk` AS `items.nama_produk`, `items`.`variasi` AS `items.variasi`, `items`.`qty` AS `items.qty`, `items`.`produk_master_id` AS `items.produk_master_id`, `items`.`createdAt` AS `items.createdAt`, `items`.`updatedAt` AS `items.updatedAt` FROM `resi` AS `Resi` INNER JOIN `resi_item` AS `items` ON `Resi`.`id` = `items`.`resi_id` AND `items`.`produk_master_id` IS NULL WHERE `Resi`.`toko_id` = '1';",
    parameters: undefined
  },
  sql: "SELECT `Resi`.`id`, `Resi`.`toko_id`, `Resi`.`no_resi`, `Resi`.`no_pesanan`, `Resi`.`penerima_nama`, `Resi`.`penerima_alamat`, `Resi`.`pengirim`, `Resi`.`berat`, `Resi`.`tanggal_pesan`, `Resi`.`status`, `Resi`.`file_asal`, `Resi`.`upload_log_id`, `Resi`.`created_at`, `Resi`.`updated_at`, `items`.`id` AS `items.id`, `items`.`resi_id` AS `items.resi_id`, `items`.`nama_produk` AS `items.nama_produk`, `items`.`variasi` AS `items.variasi`, `items`.`qty` AS `items.qty`, `items`.`produk_master_id` AS `items.produk_master_id`, `items`.`createdAt` AS `items.createdAt`, `items`.`updatedAt` AS `items.updatedAt` FROM `resi` AS `Resi` INNER JOIN `resi_item` AS `items` ON `Resi`.`id` = `items`.`resi_id` AND `items`.`produk_master_id` IS NULL WHERE `Resi`.`toko_id` = '1';",
  parameters: {}
}
Auto-matching/kalkulasi warning: Unknown column 'Resi.created_at' in 'field list'
